/opt/nifi/nifi-current/lib/trino-jdbc-444.jar

docker cp trino-jdbc-444.jar nifi-nifi-1:/opt/nifi/nifi-current/lib/
https://repo1.maven.org/maven2/io/trino/trino-jdbc/478/
ubuntu2020@ubuntu2020-virtual-machine:~/Downloads$ docker cp /home/ubuntu2020/Downloads/trino-jdbc-478.jar nifi-nifi-1:/opt/nifi/nifi-current/lib/
Successfully copied 12.9MB to nifi-nifi-1:/opt/nifi/nifi-current/lib/
ubuntu2020@ubuntu2020-virtual-machine:~/Downloads$ docker exec -it nifi-nifi-1 ls /opt/nifi/current/lib | grep trino
ubuntu2020@ubuntu2020-virtual-machine:~/Downloads$ docker exec -it nifi-nifi-1 ls /opt/nifi/nifi-current/lib | grep trino
trino-jdbc-478.jar
ubuntu2020@ubuntu2020-virtual-machine:~/Downloads$ docker restart nifi-nifi-1
nifi-nifi-1
ubuntu2020@ubuntu2020-virtual-machine:~/Downloads$ 

ubuntu2020@ubuntu2020-virtual-machine:~$ docker exec -it trino-coordinator bash
trino@trino-coordinator:/$ ls
bin  boot  data  dev  etc  home  lib  lib32  lib64  libx32  media  mnt  opt  proc  root  run  sbin  srv  sys  tmp  usr  var
trino@trino-coordinator:/$ rm -rf /tmp/delta/hyb_bronze
trino@trino-coordinator:/$ ls -R /tmp/delta
ls: cannot access '/tmp/delta': No such file or directory
trino@trino-coordinator:/$ 
